450.comp
Shader version: 450
local_size = (1, 1, 1)
0:? Sequence
0:?   Linker Objects


Linked compute stage:

ERROR: Linking compute stage: Missing entry point: Each stage requires one entry point

Shader version: 450
local_size = (1, 1, 1)
0:? Sequence
0:?   Linker Objects

